// Jest Snapshot v1, https://goo.gl/fbAQLP

exports[`Login When given invalid login info should display an error message 1`] = `
Object {
  "method": "GET",
  "url": "/api/datasources/proxy/6/cdf-api-key/login/status",
}
`;

exports[`Login When given invalid login info should display an error message 2`] = `
Object {
  "message": "Your Cognite credentials are invalid",
  "status": "error",
  "title": "Error",
}
`;

exports[`Login When given valid login info and correct project should log the user in 1`] = `
Object {
  "method": "GET",
  "url": "/api/datasources/proxy/6/cdf-api-key/login/status",
}
`;

exports[`Login When given valid login info and correct project should log the user in 2`] = `
Object {
  "message": "Your Cognite credentials are valid",
  "status": "success",
  "title": "Success",
}
`;

exports[`Login When given valid login info but incorrect project should display an error message 1`] = `
Object {
  "method": "GET",
  "url": "/api/datasources/proxy/6/cdf-api-key/login/status",
}
`;

exports[`Login When given valid login info but incorrect project should display an error message 2`] = `
Object {
  "message": "Your Cognite credentials are invalid",
  "status": "error",
  "title": "Error",
}
`;
